<html>
<body>
<pre>
<h1>µVision Build Log</h1>
<h2>Tool Versions:</h2>
IDE-Version: ¦ÌVision V5.43.1.0
Copyright (C) 2025 ARM Ltd and ARM Germany GmbH. All rights reserved.
License Information: wang hao, GDUT, LIC=S854Y-2ZW7Q-V4PST-4B664-0CQLW-6EJ2R
 
Tool Versions:
Toolchain:       MDK-ARM Community  Version: 5.43.0.0
Toolchain Path:  C:\Users\wh182\AppData\Local\Keil_v5\ARM\ARMCLANG\Bin
C Compiler:      ArmClang.exe V6.24
Assembler:       Armasm.exe V6.24
Linker/Locator:  ArmLink.exe V6.24
Library Manager: ArmAr.exe V6.24
Hex Converter:   FromElf.exe V6.24
CPU DLL:         SARMCM3.DLL V5.43.0.0
Dialog DLL:      DCM.DLL V1.17.5.0
Target DLL:      STLink\ST-LINKIII-KEIL_SWO.dll V3.3.1.0
Dialog DLL:      TCM.DLL V1.56.6.0
 
<h2>Project:</h2>
C:\Users\wh182\Desktop\STM32\SmartWatch_Pahase1\MDK-ARM\SmartWatch_Pahase1.uvprojx
Project File Date:  07/03/2026

<h2>Output:</h2>
*** Using Compiler 'V6.24', folder: 'C:\Users\wh182\AppData\Local\Keil_v5\ARM\ARMCLANG\Bin'
Rebuild target 'SmartWatch_Pahase1'
compiling stopwatch.c...
compiling mpu6050.c...
compiling encoder.c...
compiling freertos.c...
compiling stm32f1xx_hal_rcc.c...
compiling ssd1306.c...
compiling stm32f1xx_hal_cortex.c...
assembling startup_stm32f103xb.s...
compiling stm32f1xx_hal_gpio_ex.c...
compiling bluetooth.c...
compiling timer.c...
compiling stm32f1xx_hal.c...
compiling stm32f1xx_hal_msp.c...
compiling stm32f1xx_it.c...
compiling stm32f1xx_hal_timebase_tim.c...
compiling stm32f1xx_hal_flash.c...
compiling stm32f1xx_hal_pwr.c...
compiling stm32f1xx_hal_rcc_ex.c...
compiling stm32f1xx_hal_tim.c...
compiling stm32f1xx_hal_gpio.c...
compiling stm32f1xx_hal_dma.c...
compiling stm32f1xx_hal_flash_ex.c...
compiling stm32f1xx_hal_exti.c...
compiling main.c...
compiling stm32f1xx_hal_tim_ex.c...
compiling croutine.c...
compiling system_stm32f1xx.c...
compiling event_groups.c...
compiling list.c...
compiling stm32f1xx_hal_uart.c...
compiling stream_buffer.c...
compiling timers.c...
compiling queue.c...
compiling tasks.c...
compiling stm32f1xx_hal_i2c.c...
compiling port.c...
compiling heap_4.c...
compiling cmsis_os.c...
linking...
Program Size: Code=49294 RO-data=2226 RW-data=28 ZI-data=16788  
FromELF: creating hex file...
"SmartWatch_Pahase1\SmartWatch_Pahase1.axf" - 0 Error(s), 0 Warning(s).

<h2>Software Packages used:</h2>

Package Vendor: ARM
                https://www.keil.com/pack/ARM.CMSIS.6.3.0.pack
                ARM::CMSIS@6.3.0
                CMSIS (Common Microcontroller Software Interface Standard)
   * Component: CORE Version: 6.2.0

Package Vendor: Keil
                https://www.keil.com/pack/Keil.STM32F1xx_DFP.2.4.1.pack
                Keil::STM32F1xx_DFP@2.4.1
                STMicroelectronics STM32F1 Series Device Support, Drivers and Examples

<h2>Collection of Component include folders:</h2>
  ./RTE/_SmartWatch_Pahase1
  C:/Users/wh182/AppData/Local/Arm/Packs/ARM/CMSIS/6.3.0/CMSIS/Core/Include
  C:/Users/wh182/AppData/Local/Arm/Packs/Keil/STM32F1xx_DFP/2.4.1/Device/Include

<h2>Collection of Component Files used:</h2>

   * Component: ARM::CMSIS:CORE@6.2.0
      Include file:  CMSIS/Core/Include/tz_context.h
Build Time Elapsed:  00:00:04
</pre>
</body>
</html>
